// Jest Snapshot v1, https://goo.gl/fbAQLP

exports[`<ErrorPage /> renders correctly 1`] = `
<div
  className="error__page container p-2 m-0 w-100 h-100 bg-light d-flex flex-column justify-content-center"
  style={Object {}}
>
  <h1
    className="text-center fw-bold"
  >
    404
  </h1>
  <p
    className="text-center"
  >
    I'm sorry but we couldn't find the page you're looking for
  </p>
</div>
`;
